// Jest Snapshot v1, https://goo.gl/fbAQLP

exports[`<CategoryMenu /> @renders default render 1`] = `
<CategoryMenu__Container>
  <CategoryMenu__List>
    <CategoryMenu__Item
      key="1"
    >
      <Category
        active={false}
        name="Ticket"
        slug="ticket"
      />
    </CategoryMenu__Item>
    <CategoryMenu__Item
      key="2"
    >
      <Category
        active={false}
        name="Hotel"
        slug="hotel"
      />
    </CategoryMenu__Item>
  </CategoryMenu__List>
</CategoryMenu__Container>
`;
